eeschema (2013-07-07 BZR 4022)-stable  >> Creation date: 9/21/2014 12:12:51 PM
#Cmp ( order = Reference )
| BAT1       BAT         
| C1         100nF       
| C2         1uF         
| C3         1uF         
| C4         470pF       
| J1         HEADER_4    
| J2         HEADER_1    
| J3         HEADER_1    
| LD1        LED         
| LD2        LED         
| LD3        LED         
| LD4        LED         
| LD5        LED         
| LD6        LED         
| LD7        LED         
| LD8        LED         
| LD9        LED         
| LD10       LED         
| LD11       LED         
| LD12       LED         
| LD13       LED         
| LD14       LED         
| LD15       LED         
| LD16       LED         
| LD17       LED         
| LD18       LED         
| LD19       LED         
| R1         RESISTOR    
| R2         RESISTOR    
| R3         RESISTOR    
| R4         RESISTOR    
| R5         RESISTOR    
| R6         RESISTOR    
| R7         RESISTOR    
| R8         RESISTOR    
| R9         RESISTOR    
| R10        RESISTOR    
| R11        RESISTOR    
| R12        RESISTOR    
| R13        RESISTOR    
| R14        RESISTOR    
| R15        RESISTOR    
| R16        RESISTOR    
| R17        RESISTOR    
| R18        RESISTOR    
| R19        RESISTOR    
| R20        47K         
| R30        10K         
| R31        10K         
| R32        10K         
| SW1        SW_SPDT     
| U1         MSP430G2553IPW28
| U2         MAXIM_MAX44009
| VDET1      VDETECTOR_3PINS-SOT-223
| VREG1      VREG_5PINS-SOT-23-5
| X1         32K         
#End Cmp

#Cmp ( order = Value )
| BAT          BAT1      
| 470pF        C4        
| 100nF        C1        
| 1uF          C2        
| 1uF          C3        
| HEADER_4     J1        
| HEADER_1     J2        
| HEADER_1     J3        
| LED          LD1       
| LED          LD2       
| LED          LD3       
| LED          LD4       
| LED          LD5       
| LED          LD6       
| LED          LD7       
| LED          LD8       
| LED          LD9       
| LED          LD10      
| LED          LD11      
| LED          LD12      
| LED          LD13      
| LED          LD14      
| LED          LD15      
| LED          LD16      
| LED          LD17      
| LED          LD18      
| LED          LD19      
| 10K          R30       
| 10K          R31       
| 10K          R32       
| 47K          R20       
| RESISTOR     R1        
| RESISTOR     R2        
| RESISTOR     R3        
| RESISTOR     R4        
| RESISTOR     R5        
| RESISTOR     R6        
| RESISTOR     R7        
| RESISTOR     R8        
| RESISTOR     R9        
| RESISTOR     R10       
| RESISTOR     R11       
| RESISTOR     R12       
| RESISTOR     R13       
| RESISTOR     R14       
| RESISTOR     R15       
| RESISTOR     R16       
| RESISTOR     R17       
| RESISTOR     R18       
| RESISTOR     R19       
| SW_SPDT      SW1       
| MSP430G2553IPW28 U1        
| MAXIM_MAX44009 U2        
| VDETECTOR_3PINS-SOT-223 VDET1     
| VREG_5PINS-SOT-23-5 VREG1     
| 32K          X1        
#End Cmp

#End List
