eeschema (2013-07-07 BZR 4022)-stable  >> Creation date: 3/9/2014 8:14:49 PM
#Cmp ( order = Reference )
| BAT1       BAT         
| C1         CAP         
| C2         CAP         
| C3         CAP         
| J1         HEADER_4    
| J2         HEADER_1    
| J3         HEADER_1    
| LD1        LED         
| LD2        LED         
| LD3        LED         
| LD4        LED         
| LD5        LED         
| LD6        LED         
| LD7        LED         
| LD8        LED         
| LD9        LED         
| LD10       LED         
| LD11       LED         
| LD12       LED         
| LD13       LED         
| LD14       LED         
| LD15       LED         
| LD16       LED         
| LD17       LED         
| LD18       LED         
| LD19       LED         
| R1         RESISTOR    
| R2         RESISTOR    
| R3         RESISTOR    
| R4         RESISTOR    
| R5         RESISTOR    
| R6         RESISTOR    
| R7         RESISTOR    
| R8         RESISTOR    
| R9         RESISTOR    
| R10        RESISTOR    
| R11        RESISTOR    
| R12        RESISTOR    
| R13        RESISTOR    
| R14        RESISTOR    
| R15        RESISTOR    
| R16        RESISTOR    
| R17        RESISTOR    
| R18        RESISTOR    
| R19        RESISTOR    
| R20        RESISTOR    
| R21        RESISTOR    
| SW1        SW_SPDT     
| U1         MSP430G2553IPW28
| U2         MAXIM_MAX44009
| X1         CRYSTAL     
#End Cmp

#Cmp ( order = Value )
| BAT          BAT1      
| CAP          C1        
| CAP          C2        
| CAP          C3        
| HEADER_4     J1        
| HEADER_1     J2        
| HEADER_1     J3        
| LED          LD1       
| LED          LD2       
| LED          LD3       
| LED          LD4       
| LED          LD5       
| LED          LD6       
| LED          LD7       
| LED          LD8       
| LED          LD9       
| LED          LD10      
| LED          LD11      
| LED          LD12      
| LED          LD13      
| LED          LD14      
| LED          LD15      
| LED          LD16      
| LED          LD17      
| LED          LD18      
| LED          LD19      
| RESISTOR     R1        
| RESISTOR     R2        
| RESISTOR     R3        
| RESISTOR     R4        
| RESISTOR     R5        
| RESISTOR     R6        
| RESISTOR     R7        
| RESISTOR     R8        
| RESISTOR     R9        
| RESISTOR     R10       
| RESISTOR     R11       
| RESISTOR     R12       
| RESISTOR     R13       
| RESISTOR     R14       
| RESISTOR     R15       
| RESISTOR     R16       
| RESISTOR     R17       
| RESISTOR     R18       
| RESISTOR     R19       
| RESISTOR     R20       
| RESISTOR     R21       
| SW_SPDT      SW1       
| MSP430G2553IPW28 U1        
| MAXIM_MAX44009 U2        
| CRYSTAL      X1        
#End Cmp

#End List
