******************************************************************************
                  MSP430 Linker PC v4.0.0                      
******************************************************************************
>> Linked Sat Oct 04 19:07:56 2014

OUTPUT FILE NAME:   <FireFlyJar.out>
ENTRY POINT SYMBOL: "_c_int00"  address: 0000c9b2


MEMORY CONFIGURATION

         name            origin    length      used     unused   attr    fill
----------------------  --------  ---------  --------  --------  ----  --------
  SFR                   00000000   00000010  00000000  00000010  RWIX
  PERIPHERALS_8BIT      00000010   000000f0  00000000  000000f0  RWIX
  PERIPHERALS_16BIT     00000100   00000100  00000000  00000100  RWIX
  RAM                   00000200   00000200  00000115  000000eb  RWIX
  INFOD                 00001000   00000040  00000000  00000040  RWIX
  INFOC                 00001040   00000040  00000000  00000040  RWIX
  INFOB                 00001080   00000040  00000000  00000040  RWIX
  INFOA                 000010c0   00000040  00000000  00000040  RWIX
  FLASH                 0000c000   00003fe0  00000cc6  0000331a  RWIX
  INT00                 0000ffe0   00000002  00000000  00000002  RWIX
  INT01                 0000ffe2   00000002  00000000  00000002  RWIX
  INT02                 0000ffe4   00000002  00000000  00000002  RWIX
  INT03                 0000ffe6   00000002  00000000  00000002  RWIX
  INT04                 0000ffe8   00000002  00000000  00000002  RWIX
  INT05                 0000ffea   00000002  00000000  00000002  RWIX
  INT06                 0000ffec   00000002  00000002  00000000  RWIX
  INT07                 0000ffee   00000002  00000002  00000000  RWIX
  INT08                 0000fff0   00000002  00000000  00000002  RWIX
  INT09                 0000fff2   00000002  00000000  00000002  RWIX
  INT10                 0000fff4   00000002  00000002  00000000  RWIX
  INT11                 0000fff6   00000002  00000000  00000002  RWIX
  INT12                 0000fff8   00000002  00000002  00000000  RWIX
  INT13                 0000fffa   00000002  00000000  00000002  RWIX
  INT14                 0000fffc   00000002  00000000  00000002  RWIX
  RESET                 0000fffe   00000002  00000002  00000000  RWIX


SECTION ALLOCATION MAP

 output                                  attributes/
section   page    origin      length       input sections
--------  ----  ----------  ----------   ----------------
.pinit     0    0000c000    00000000     UNINITIALIZED

.bss       0    00000200    000000c5     UNINITIALIZED
                  00000200    00000068     PlaySong.obj (.bss)
                  00000268    00000024     CapTouchLib.obj (.bss)
                  0000028c    00000020     BCM.obj (.bss)
                  000002ac    0000000a     I2CMaster.obj (.bss)
                  000002b6    00000004     rts430.lib : _lock.obj (.bss)
                  000002ba    00000004                : boot.obj (.bss)
                  000002be    00000004                : rand.obj (.bss)
                  000002c2    00000003     main.obj (.bss)

.stack     0    000003b0    00000050     UNINITIALIZED
                  000003b0    00000002     rts430.lib : boot.obj (.stack)
                  000003b2    0000004e     --HOLE--

.text      0    0000c000    00000c1e     
                  0000c000    000000c2     rts430.lib : fs_mpy.obj (.text)
                  0000c0c2    000000a6     I2CMaster.obj (.text:I2C_Maxim44009_SetTreshhold)
                  0000c168    000000a6     PlaySong.obj (.text:PlaySong_State_Playing_RandomFlashers)
                  0000c20e    0000008c     CapTouchLib.obj (.text:CapTouchLib_State_WaitForPress)
                  0000c29a    00000082     CapTouchLib.obj (.text:CapTouchLib_State_PressDelay)
                  0000c31c    00000082     CapTouchLib.obj (.text:CapTouchLib_State_ReleaseDelay)
                  0000c39e    0000007e     CapTouchLib.obj (.text:CapTouchLib_State_WaitForRelease)
                  0000c41c    00000072     PlaySong.obj (.text:PlaySong_RandomFlashers_Initialize)
                  0000c48e    0000006e     I2CMaster.obj (.text:USCIAB0TX_ISR)
                  0000c4fc    0000005e     BCM.obj (.text:Timer1_A1)
                  0000c55a    00000056     System.obj (.text:System_InitializeHW)
                  0000c5b0    00000052     I2CMaster.obj (.text:I2C_Read)
                  0000c602    0000004a     main.obj (.text:main)
                  0000c64c    00000046     rts430.lib : autoinit.obj (.text:_auto_init)
                  0000c692    00000042     PlaySong.obj (.text:PlaySong_Enter_Playing)
                  0000c6d4    00000038     CapTouchLib.obj (.text:CapTouchLib_InitializeApp)
                  0000c70c    00000038     rts430.lib : rand.obj (.text:rand)
                  0000c744    00000034     bytePivot.obj (.text)
                  0000c778    00000032     CapTouchLib.obj (.text:CapTouchLib_SetButtonForRead)
                  0000c7aa    00000032     System.obj (.text:adcGenRand8)
                  0000c7dc    0000002c     BCM.obj (.text:BCM_Mode_Off)
                  0000c808    0000002c     BCM.obj (.text:BCM_Mode_On)
                  0000c834    0000002c     PlaySong.obj (.text:PlaySong_Enter_WaitForDark)
                  0000c860    0000002c     rts430.lib : asr16.obj (.text)
                  0000c88c    0000002c                : div16s.obj (.text)
                  0000c8b8    0000002c                : lsl16.obj (.text)
                  0000c8e4    0000002a     CapTouchLib.obj (.text:CapTouchLib_ReadButtonValue)
                  0000c90e    0000002a     I2CMaster.obj (.text:I2C_Init)
                  0000c938    0000002a     PlaySong.obj (.text:PlaySong_SetPlayMode)
                  0000c962    00000028     I2CMaster.obj (.text:I2C_Maxim44009_GetLuxHighByte)
                  0000c98a    00000028     I2CMaster.obj (.text:I2C_Write)
                  0000c9b2    00000026     rts430.lib : boot.obj (.text:_c_int00_noexit)
                  0000c9d8    00000026                : mult32.obj (.text)
                  0000c9fe    00000024                : fs_utof.obj (.text)
                  0000ca22    00000020     BCM.obj (.text:BCM_EncodeTimeSliceAllPins)
                  0000ca42    0000001c     main.obj (.text:LargeButtonPressed)
                  0000ca5e    0000001a     CapTouchLib.obj (.text:CapTouchLib_EnterWaitForPress)
                  0000ca78    0000001a     CapTouchLib.obj (.text:CapTouchLib_EnterWaitForRelease)
                  0000ca92    0000001a     I2CMaster.obj (.text:USCIAB0RX_ISR)
                  0000caac    00000018     rts430.lib : rand.obj (.text:srand)
                  0000cac4    00000016                : div16u.obj (.text)
                  0000cada    00000014     BCM.obj (.text:BCM_Stop)
                  0000caee    00000014     rts430.lib : mult16.obj (.text)
                  0000cb02    00000012     PlaySong.obj (.text:PlaySong_PlayMode_State_Off)
                  0000cb14    00000012     rts430.lib : memcpy.obj (.text:memcpy)
                  0000cb26    00000010     BCM.obj (.text:BCM_InitializeApp)
                  0000cb36    00000010     rts430.lib : epilog.obj (.text)
                  0000cb46    0000000e     CapTouchLib.obj (.text:CapTouchLib_Disable)
                  0000cb54    0000000e     CapTouchLib.obj (.text:CapTouchLib_Enable)
                  0000cb62    0000000e     CapTouchLib.obj (.text:CapTouchLib_InitializeHW)
                  0000cb70    0000000e     CapTouchLib.obj (.text:CapTouchLib_RegisterLargeButtonSink)
                  0000cb7e    0000000e     CapTouchLib.obj (.text:CapTouchLib_State_InitButton)
                  0000cb8c    0000000e     main.obj (.text:InitializeHW)
                  0000cb9a    0000000e     PlaySong.obj (.text:PlaySong_State_WaitForDark)
                  0000cba8    0000000c     CapTouchLib.obj (.text:CapTouchLib_EnterInitButton)
                  0000cbb4    0000000a     main.obj (.text:InitializeApps)
                  0000cbbe    0000000a     PlaySong.obj (.text:PlaySong_InitializeHW)
                  0000cbc8    00000008     BCM.obj (.text:BCM_InitializeHW)
                  0000cbd0    00000008     CapTouchLib.obj (.text:CapTouchLib_Tick)
                  0000cbd8    00000008     main.obj (.text:watchdog_timer)
                  0000cbe0    00000006     BCM.obj (.text:BCM_UpdateMode)
                  0000cbe6    00000006     main.obj (.text:OnDisableButtons)
                  0000cbec    00000006     main.obj (.text:OnEnableButtons)
                  0000cbf2    00000006     PlaySong.obj (.text:PlaySong_Entry)
                  0000cbf8    00000006     PlaySong.obj (.text:PlaySong_InitializeApps)
                  0000cbfe    00000006     PlaySong.obj (.text:PlaySong_PlayMode_State_DarkOnly)
                  0000cc04    00000006     PlaySong.obj (.text:PlaySong_PlayMode_State_StayOn)
                  0000cc0a    00000004     rts430.lib : pre_init.obj (.text:_system_pre_init)
                  0000cc0e    00000004                : exit.obj (.text:abort)
                  0000cc12    00000002     CapTouchLib.obj (.text:CapTouchLib_DefaultEventSink)
                  0000cc14    00000002     CapTouchLib.obj (.text:CapTouchLib_State_Disabled)
                  0000cc16    00000002     main.obj (.text:OnPlaySongExit)
                  0000cc18    00000002     PlaySong.obj (.text:PlaySong_State_Stopped)
                  0000cc1a    00000002     main.obj (.text:State_Default)
                  0000cc1c    00000002     rts430.lib : _lock.obj (.text:_nop)

.const     0    0000cc1e    00000076     
                  0000cc1e    00000032     PlaySong.obj (.const:mPlaySong_auiMalePulse)
                  0000cc50    00000026     PlaySong.obj (.const:mPlaySong_affFireflyConst)
                  0000cc76    00000016     structure.obj (.const)
                  0000cc8c    00000008     main.obj (.const)

.cinit     0    0000cc94    00000032     
                  0000cc94    0000001c     PlaySong.obj (.cinit)
                  0000ccb0    00000008     rts430.lib : rand.obj (.cinit)
                  0000ccb8    00000005     BCM.obj (.cinit)
                  0000ccbd    00000001     --HOLE-- [fill = 0]
                  0000ccbe    00000005     main.obj (.cinit)
                  0000ccc3    00000001     --HOLE-- [fill = 0]
                  0000ccc4    00000002     (.pad.cinit) [fill = 0]

.int06     0    0000ffec    00000002     
                  0000ffec    00000002     I2CMaster.obj (.int06)

.int07     0    0000ffee    00000002     
                  0000ffee    00000002     I2CMaster.obj (.int07)

.int10     0    0000fff4    00000002     
                  0000fff4    00000002     main.obj (.int10)

.int12     0    0000fff8    00000002     
                  0000fff8    00000002     BCM.obj (.int12)

.reset     0    0000fffe    00000002     
                  0000fffe    00000002     rts430.lib : boot.obj (.reset)


GLOBAL SYMBOLS: SORTED ALPHABETICALLY BY Name 

address    name
--------   ----
00000200   .bss
0000c000   .text
0000004a   ADC10AE0
000001b0   ADC10CTL0
000001b2   ADC10CTL1
00000048   ADC10DTC0
00000049   ADC10DTC1
000001b4   ADC10MEM
000001bc   ADC10SA
0000c744   BCM_BytePivot
0000ca22   BCM_EncodeTimeSliceAllPins
0000cb26   BCM_InitializeApp
0000cbc8   BCM_InitializeHW
0000c7dc   BCM_Mode_Off
0000c808   BCM_Mode_On
0000cada   BCM_Stop
0000cbe0   BCM_UpdateMode
00000057   BCSCTL1
00000058   BCSCTL2
00000053   BCSCTL3
0000cc0e   C$$EXIT
00000059   CACTL1
0000005a   CACTL2
000010fb   CALBC1_12MHZ
000010f9   CALBC1_16MHZ
000010ff   CALBC1_1MHZ
000010fd   CALBC1_8MHZ
000010fa   CALDCO_12MHZ
000010f8   CALDCO_16MHZ
000010fe   CALDCO_1MHZ
000010fc   CALDCO_8MHZ
0000005b   CAPD
0000cc12   CapTouchLib_DefaultEventSink
0000cb46   CapTouchLib_Disable
0000cb54   CapTouchLib_Enable
0000cba8   CapTouchLib_EnterInitButton
0000ca5e   CapTouchLib_EnterWaitForPress
0000ca78   CapTouchLib_EnterWaitForRelease
0000c6d4   CapTouchLib_InitializeApp
0000cb62   CapTouchLib_InitializeHW
0000c8e4   CapTouchLib_ReadButtonValue
0000cb70   CapTouchLib_RegisterLargeButtonSink
0000c778   CapTouchLib_SetButtonForRead
0000cc14   CapTouchLib_State_Disabled
0000cb7e   CapTouchLib_State_InitButton
0000c29a   CapTouchLib_State_PressDelay
0000c31c   CapTouchLib_State_ReleaseDelay
0000c20e   CapTouchLib_State_WaitForPress
0000c39e   CapTouchLib_State_WaitForRelease
0000cbd0   CapTouchLib_Tick
00000056   DCOCTL
00000128   FCTL1
0000012a   FCTL2
0000012c   FCTL3
0000c90e   I2C_Init
0000c962   I2C_Maxim44009_GetLuxHighByte
0000c0c2   I2C_Maxim44009_SetTreshhold
0000c5b0   I2C_Read
0000c98a   I2C_Write
00000000   IE1
00000001   IE2
00000002   IFG1
00000003   IFG2
0000c860   I_ASR
0000c888   I_ASR_1
0000c876   I_ASR_10
0000c874   I_ASR_11
0000c872   I_ASR_12
0000c870   I_ASR_13
0000c86e   I_ASR_14
0000c86c   I_ASR_15
0000c886   I_ASR_2
0000c884   I_ASR_3
0000c882   I_ASR_4
0000c880   I_ASR_5
0000c87e   I_ASR_6
0000c87c   I_ASR_7
0000c87a   I_ASR_8
0000c878   I_ASR_9
0000c8b8   I_LSL
0000c8e0   I_LSL_1
0000c8ce   I_LSL_10
0000c8cc   I_LSL_11
0000c8ca   I_LSL_12
0000c8c8   I_LSL_13
0000c8c6   I_LSL_14
0000c8c4   I_LSL_15
0000c8de   I_LSL_2
0000c8dc   I_LSL_3
0000c8da   I_LSL_4
0000c8d8   I_LSL_5
0000c8d6   I_LSL_6
0000c8d4   I_LSL_7
0000c8d2   I_LSL_8
0000c8d0   I_LSL_9
0000cbb4   InitializeApps
0000cb8c   InitializeHW
0000ca42   LargeButtonPressed
0000cbe6   OnDisableButtons
0000cbec   OnEnableButtons
0000cc16   OnPlaySongExit
00000022   P1DIR
00000025   P1IE
00000024   P1IES
00000023   P1IFG
00000020   P1IN
00000021   P1OUT
00000027   P1REN
00000026   P1SEL
00000041   P1SEL2
0000002a   P2DIR
0000002d   P2IE
0000002c   P2IES
0000002b   P2IFG
00000028   P2IN
00000029   P2OUT
0000002f   P2REN
0000002e   P2SEL
00000042   P2SEL2
0000001a   P3DIR
00000018   P3IN
00000019   P3OUT
00000010   P3REN
0000001b   P3SEL
00000043   P3SEL2
0000c692   PlaySong_Enter_Playing
0000c834   PlaySong_Enter_WaitForDark
0000cbf2   PlaySong_Entry
0000cbf8   PlaySong_InitializeApps
0000cbbe   PlaySong_InitializeHW
0000cbfe   PlaySong_PlayMode_State_DarkOnly
0000cb02   PlaySong_PlayMode_State_Off
0000cc04   PlaySong_PlayMode_State_StayOn
0000c41c   PlaySong_RandomFlashers_Initialize
0000c938   PlaySong_SetPlayMode
0000c168   PlaySong_State_Playing_RandomFlashers
0000cc18   PlaySong_State_Stopped
0000cb9a   PlaySong_State_WaitForDark
0000cc1a   State_Default
0000c55a   System_InitializeHW
00000172   TA0CCR0
00000174   TA0CCR1
00000176   TA0CCR2
00000162   TA0CCTL0
00000164   TA0CCTL1
00000166   TA0CCTL2
00000160   TA0CTL
0000012e   TA0IV
00000170   TA0R
00000192   TA1CCR0
00000194   TA1CCR1
00000196   TA1CCR2
00000182   TA1CCTL0
00000184   TA1CCTL1
00000186   TA1CCTL2
00000180   TA1CTL
0000011e   TA1IV
00000190   TA1R
0000c4fc   Timer1_A1
0000005d   UCA0ABCTL
00000062   UCA0BR0
00000063   UCA0BR1
00000060   UCA0CTL0
00000061   UCA0CTL1
0000005f   UCA0IRRCTL
0000005e   UCA0IRTCTL
00000064   UCA0MCTL
00000066   UCA0RXBUF
00000065   UCA0STAT
00000067   UCA0TXBUF
0000006a   UCB0BR0
0000006b   UCB0BR1
00000068   UCB0CTL0
00000069   UCB0CTL1
0000006c   UCB0I2CIE
00000118   UCB0I2COA
0000011a   UCB0I2CSA
0000006e   UCB0RXBUF
0000006d   UCB0STAT
0000006f   UCB0TXBUF
0000ca92   USCIAB0RX_ISR
0000c48e   USCIAB0TX_ISR
00000120   WDTCTL
00000400   __STACK_END
00000050   __STACK_SIZE
00000001   __TI_args_main
00000001   __TI_auto_init
00000001   __TI_exit
ffffffff   __binit__
00000200   __bss__
ffffffff   __c_args__
0000cc94   __cinit__
0000c88c   __divi
0000cac4   __divu
000002c5   __end__
0000cc1e   __etext__
0000c000   __fs_mpy
0000c9fe   __fs_utof
0000caee   __mpyi
0000c9d8   __mpyl
ffffffff   __pinit__
0000c88c   __remi
0000cac4   __remu
0000c000   __text__
0000c64c   _auto_init
0000c9b2   _c_int00
0000c9b2   _c_int00_noexit
000002ba   _cleanup_ptr
000002bc   _dtors_ptr
000002b6   _lock
0000cc1c   _nop
0000fffe   _reset_vector
000003b0   _stack
0000cc0a   _system_pre_init
000002b8   _unlock
0000cc0e   abort
0000c7aa   adcGenRand8
ffffffff   binit
0000cc94   cinit
000002c5   end
0000cc1e   etext
0000cb42   func_epilog_1
0000cb40   func_epilog_2
0000cb3e   func_epilog_3
0000cb3c   func_epilog_4
0000cb3a   func_epilog_5
0000cb38   func_epilog_6
0000cb36   func_epilog_7
000002c2   g_pfnCurrentState
000002c4   mPlayMode
0000cc1e   mPlaySong_auiMalePulse
0000c602   main
0000cb14   memcpy
0000cc80   middle_button
0000cc76   middle_element
ffffffff   pinit
0000c70c   rand
0000caac   srand
0000cbd8   watchdog_timer


GLOBAL SYMBOLS: SORTED BY Symbol Address 

address    name
--------   ----
00000000   IE1
00000001   IE2
00000001   __TI_args_main
00000001   __TI_auto_init
00000001   __TI_exit
00000002   IFG1
00000003   IFG2
00000010   P3REN
00000018   P3IN
00000019   P3OUT
0000001a   P3DIR
0000001b   P3SEL
00000020   P1IN
00000021   P1OUT
00000022   P1DIR
00000023   P1IFG
00000024   P1IES
00000025   P1IE
00000026   P1SEL
00000027   P1REN
00000028   P2IN
00000029   P2OUT
0000002a   P2DIR
0000002b   P2IFG
0000002c   P2IES
0000002d   P2IE
0000002e   P2SEL
0000002f   P2REN
00000041   P1SEL2
00000042   P2SEL2
00000043   P3SEL2
00000048   ADC10DTC0
00000049   ADC10DTC1
0000004a   ADC10AE0
00000050   __STACK_SIZE
00000053   BCSCTL3
00000056   DCOCTL
00000057   BCSCTL1
00000058   BCSCTL2
00000059   CACTL1
0000005a   CACTL2
0000005b   CAPD
0000005d   UCA0ABCTL
0000005e   UCA0IRTCTL
0000005f   UCA0IRRCTL
00000060   UCA0CTL0
00000061   UCA0CTL1
00000062   UCA0BR0
00000063   UCA0BR1
00000064   UCA0MCTL
00000065   UCA0STAT
00000066   UCA0RXBUF
00000067   UCA0TXBUF
00000068   UCB0CTL0
00000069   UCB0CTL1
0000006a   UCB0BR0
0000006b   UCB0BR1
0000006c   UCB0I2CIE
0000006d   UCB0STAT
0000006e   UCB0RXBUF
0000006f   UCB0TXBUF
00000118   UCB0I2COA
0000011a   UCB0I2CSA
0000011e   TA1IV
00000120   WDTCTL
00000128   FCTL1
0000012a   FCTL2
0000012c   FCTL3
0000012e   TA0IV
00000160   TA0CTL
00000162   TA0CCTL0
00000164   TA0CCTL1
00000166   TA0CCTL2
00000170   TA0R
00000172   TA0CCR0
00000174   TA0CCR1
00000176   TA0CCR2
00000180   TA1CTL
00000182   TA1CCTL0
00000184   TA1CCTL1
00000186   TA1CCTL2
00000190   TA1R
00000192   TA1CCR0
00000194   TA1CCR1
00000196   TA1CCR2
000001b0   ADC10CTL0
000001b2   ADC10CTL1
000001b4   ADC10MEM
000001bc   ADC10SA
00000200   .bss
00000200   __bss__
000002b6   _lock
000002b8   _unlock
000002ba   _cleanup_ptr
000002bc   _dtors_ptr
000002c2   g_pfnCurrentState
000002c4   mPlayMode
000002c5   __end__
000002c5   end
000003b0   _stack
00000400   __STACK_END
000010f8   CALDCO_16MHZ
000010f9   CALBC1_16MHZ
000010fa   CALDCO_12MHZ
000010fb   CALBC1_12MHZ
000010fc   CALDCO_8MHZ
000010fd   CALBC1_8MHZ
000010fe   CALDCO_1MHZ
000010ff   CALBC1_1MHZ
0000c000   .text
0000c000   __fs_mpy
0000c000   __text__
0000c0c2   I2C_Maxim44009_SetTreshhold
0000c168   PlaySong_State_Playing_RandomFlashers
0000c20e   CapTouchLib_State_WaitForPress
0000c29a   CapTouchLib_State_PressDelay
0000c31c   CapTouchLib_State_ReleaseDelay
0000c39e   CapTouchLib_State_WaitForRelease
0000c41c   PlaySong_RandomFlashers_Initialize
0000c48e   USCIAB0TX_ISR
0000c4fc   Timer1_A1
0000c55a   System_InitializeHW
0000c5b0   I2C_Read
0000c602   main
0000c64c   _auto_init
0000c692   PlaySong_Enter_Playing
0000c6d4   CapTouchLib_InitializeApp
0000c70c   rand
0000c744   BCM_BytePivot
0000c778   CapTouchLib_SetButtonForRead
0000c7aa   adcGenRand8
0000c7dc   BCM_Mode_Off
0000c808   BCM_Mode_On
0000c834   PlaySong_Enter_WaitForDark
0000c860   I_ASR
0000c86c   I_ASR_15
0000c86e   I_ASR_14
0000c870   I_ASR_13
0000c872   I_ASR_12
0000c874   I_ASR_11
0000c876   I_ASR_10
0000c878   I_ASR_9
0000c87a   I_ASR_8
0000c87c   I_ASR_7
0000c87e   I_ASR_6
0000c880   I_ASR_5
0000c882   I_ASR_4
0000c884   I_ASR_3
0000c886   I_ASR_2
0000c888   I_ASR_1
0000c88c   __divi
0000c88c   __remi
0000c8b8   I_LSL
0000c8c4   I_LSL_15
0000c8c6   I_LSL_14
0000c8c8   I_LSL_13
0000c8ca   I_LSL_12
0000c8cc   I_LSL_11
0000c8ce   I_LSL_10
0000c8d0   I_LSL_9
0000c8d2   I_LSL_8
0000c8d4   I_LSL_7
0000c8d6   I_LSL_6
0000c8d8   I_LSL_5
0000c8da   I_LSL_4
0000c8dc   I_LSL_3
0000c8de   I_LSL_2
0000c8e0   I_LSL_1
0000c8e4   CapTouchLib_ReadButtonValue
0000c90e   I2C_Init
0000c938   PlaySong_SetPlayMode
0000c962   I2C_Maxim44009_GetLuxHighByte
0000c98a   I2C_Write
0000c9b2   _c_int00
0000c9b2   _c_int00_noexit
0000c9d8   __mpyl
0000c9fe   __fs_utof
0000ca22   BCM_EncodeTimeSliceAllPins
0000ca42   LargeButtonPressed
0000ca5e   CapTouchLib_EnterWaitForPress
0000ca78   CapTouchLib_EnterWaitForRelease
0000ca92   USCIAB0RX_ISR
0000caac   srand
0000cac4   __divu
0000cac4   __remu
0000cada   BCM_Stop
0000caee   __mpyi
0000cb02   PlaySong_PlayMode_State_Off
0000cb14   memcpy
0000cb26   BCM_InitializeApp
0000cb36   func_epilog_7
0000cb38   func_epilog_6
0000cb3a   func_epilog_5
0000cb3c   func_epilog_4
0000cb3e   func_epilog_3
0000cb40   func_epilog_2
0000cb42   func_epilog_1
0000cb46   CapTouchLib_Disable
0000cb54   CapTouchLib_Enable
0000cb62   CapTouchLib_InitializeHW
0000cb70   CapTouchLib_RegisterLargeButtonSink
0000cb7e   CapTouchLib_State_InitButton
0000cb8c   InitializeHW
0000cb9a   PlaySong_State_WaitForDark
0000cba8   CapTouchLib_EnterInitButton
0000cbb4   InitializeApps
0000cbbe   PlaySong_InitializeHW
0000cbc8   BCM_InitializeHW
0000cbd0   CapTouchLib_Tick
0000cbd8   watchdog_timer
0000cbe0   BCM_UpdateMode
0000cbe6   OnDisableButtons
0000cbec   OnEnableButtons
0000cbf2   PlaySong_Entry
0000cbf8   PlaySong_InitializeApps
0000cbfe   PlaySong_PlayMode_State_DarkOnly
0000cc04   PlaySong_PlayMode_State_StayOn
0000cc0a   _system_pre_init
0000cc0e   C$$EXIT
0000cc0e   abort
0000cc12   CapTouchLib_DefaultEventSink
0000cc14   CapTouchLib_State_Disabled
0000cc16   OnPlaySongExit
0000cc18   PlaySong_State_Stopped
0000cc1a   State_Default
0000cc1c   _nop
0000cc1e   __etext__
0000cc1e   etext
0000cc1e   mPlaySong_auiMalePulse
0000cc76   middle_element
0000cc80   middle_button
0000cc94   __cinit__
0000cc94   cinit
0000fffe   _reset_vector
ffffffff   __binit__
ffffffff   __c_args__
ffffffff   __pinit__
ffffffff   binit
ffffffff   pinit

[239 symbols]
