******************************************************************************
                  MSP430 Linker PC v4.3.3                      
******************************************************************************
>> Linked Sun Feb 15 20:46:58 2015

OUTPUT FILE NAME:   <FireFlyJar.out>
ENTRY POINT SYMBOL: "_c_int00"  address: 0000c5b6


MEMORY CONFIGURATION

         name            origin    length      used     unused   attr    fill
----------------------  --------  ---------  --------  --------  ----  --------
  SFR                   00000000   00000010  00000000  00000010  RWIX
  PERIPHERALS_8BIT      00000010   000000f0  00000000  000000f0  RWIX
  PERIPHERALS_16BIT     00000100   00000100  00000000  00000100  RWIX
  RAM                   00000200   00000200  00000118  000000e8  RWIX
  INFOD                 00001000   00000040  00000000  00000040  RWIX
  INFOC                 00001040   00000040  00000000  00000040  RWIX
  INFOB                 00001080   00000040  00000000  00000040  RWIX
  INFOA                 000010c0   00000040  00000000  00000040  RWIX
  FLASH                 0000c000   00003fe0  00000828  000037b8  RWIX
  INT00                 0000ffe0   00000002  00000002  00000000  RWIX
  INT01                 0000ffe2   00000002  00000002  00000000  RWIX
  INT02                 0000ffe4   00000002  00000002  00000000  RWIX
  INT03                 0000ffe6   00000002  00000002  00000000  RWIX
  INT04                 0000ffe8   00000002  00000002  00000000  RWIX
  INT05                 0000ffea   00000002  00000002  00000000  RWIX
  INT06                 0000ffec   00000002  00000002  00000000  RWIX
  INT07                 0000ffee   00000002  00000002  00000000  RWIX
  INT08                 0000fff0   00000002  00000002  00000000  RWIX
  INT09                 0000fff2   00000002  00000002  00000000  RWIX
  INT10                 0000fff4   00000002  00000002  00000000  RWIX
  INT11                 0000fff6   00000002  00000002  00000000  RWIX
  INT12                 0000fff8   00000002  00000002  00000000  RWIX
  INT13                 0000fffa   00000002  00000002  00000000  RWIX
  INT14                 0000fffc   00000002  00000002  00000000  RWIX
  RESET                 0000fffe   00000002  00000002  00000000  RWIX


SECTION ALLOCATION MAP

 output                                  attributes/
section   page    origin      length       input sections
--------  ----  ----------  ----------   ----------------
.pinit     0    0000c000    00000000     UNINITIALIZED

.bss       0    00000200    000000c8     UNINITIALIZED
                  00000200    00000066     PlaySong.obj (.bss)
                  00000266    00000028     CapTouchLib.obj (.bss)
                  0000028e    00000020     BCM.obj (.bss)
                  000002ae    0000000a     I2CMaster.obj (.bss)
                  000002b8    00000004     main.obj (.bss)
                  000002bc    00000004     rts430.lib : _lock.obj (.bss)
                  000002c0    00000004                : boot.obj (.bss)
                  000002c4    00000004                : rand.obj (.bss)

.stack     0    000003b0    00000050     UNINITIALIZED
                  000003b0    00000002     rts430.lib : boot.obj (.stack)
                  000003b2    0000004e     --HOLE--

.text      0    0000c000    000007d4     
                  0000c000    0000008c     CapTouchLib.obj (.text:CapTouchLib_State_WaitForPress)
                  0000c08c    0000008a     CapTouchLib.obj (.text:CapTouchLib_State_ReleaseDelay)
                  0000c116    00000082     CapTouchLib.obj (.text:CapTouchLib_State_PressDelay)
                  0000c198    0000007e     CapTouchLib.obj (.text:CapTouchLib_State_WaitForRelease)
                  0000c216    0000006e     I2CMaster.obj (.text:USCIAB0TX_ISR)
                  0000c284    0000005e     BCM.obj (.text:Timer1_A1)
                  0000c2e2    00000056     System.obj (.text:System_InitializeHW)
                  0000c338    00000050     CapTouchLib.obj (.text:CapTouchLib_InitializeApp)
                  0000c388    0000004a     main.obj (.text:main)
                  0000c3d2    00000048     rts430.lib : autoinit.obj (.text:_auto_init)
                  0000c41a    00000034     bytePivot.obj (.text)
                  0000c44e    00000032     CapTouchLib.obj (.text:CapTouchLib_SetButtonForRead)
                  0000c480    00000032     System.obj (.text:adcGenRand8)
                  0000c4b2    0000002c     BCM.obj (.text:BCM_Mode_Off)
                  0000c4de    0000002c     BCM.obj (.text:BCM_Mode_On)
                  0000c50a    0000002c     rts430.lib : div16s.obj (.text)
                  0000c536    0000002c                : lsl16.obj (.text)
                  0000c562    0000002a     CapTouchLib.obj (.text:CapTouchLib_ReadButtonValue)
                  0000c58c    0000002a     I2CMaster.obj (.text:I2C_Init)
                  0000c5b6    00000026     rts430.lib : boot.obj (.text:_c_int00_noexit)
                  0000c5dc    00000026                : mult32.obj (.text)
                  0000c602    0000001a     CapTouchLib.obj (.text:CapTouchLib_EnterWaitForPress)
                  0000c61c    0000001a     CapTouchLib.obj (.text:CapTouchLib_EnterWaitForRelease)
                  0000c636    0000001a     I2CMaster.obj (.text:USCIAB0RX_ISR)
                  0000c650    00000018     rts430.lib : rand.obj (.text:srand)
                  0000c668    00000016                : div16u.obj (.text)
                  0000c67e    00000014     BCM.obj (.text:BCM_Stop)
                  0000c692    00000014     main.obj (.text:LargeButtonPressed)
                  0000c6a6    00000012     main.obj (.text:LargeButtonReleased)
                  0000c6b8    00000012     PlaySong.obj (.text:PlaySong_Stop)
                  0000c6ca    00000012     rts430.lib : memcpy.obj (.text:memcpy)
                  0000c6dc    00000010     BCM.obj (.text:BCM_InitializeApp)
                  0000c6ec    00000010     rts430.lib : epilog.obj (.text)
                  0000c6fc    0000000e     CapTouchLib.obj (.text:CapTouchLib_Disable)
                  0000c70a    0000000e     CapTouchLib.obj (.text:CapTouchLib_Enable)
                  0000c718    0000000e     CapTouchLib.obj (.text:CapTouchLib_InitializeHW)
                  0000c726    0000000e     CapTouchLib.obj (.text:CapTouchLib_RegisterLargeButtonPressSink)
                  0000c734    0000000e     CapTouchLib.obj (.text:CapTouchLib_RegisterLargeButtonReleaseSink)
                  0000c742    0000000e     CapTouchLib.obj (.text:CapTouchLib_State_InitButton)
                  0000c750    0000000e     main.obj (.text:InitializeHW)
                  0000c75e    0000000e     PlaySong.obj (.text:PlaySong_Entry)
                  0000c76c    0000000c     CapTouchLib.obj (.text:CapTouchLib_EnterInitButton)
                  0000c778    0000000a     main.obj (.text:InitializeApps)
                  0000c782    0000000a     PlaySong.obj (.text:PlaySong_InitializeHW)
                  0000c78c    00000008     BCM.obj (.text:BCM_InitializeHW)
                  0000c794    00000008     CapTouchLib.obj (.text:CapTouchLib_Tick)
                  0000c79c    00000008     main.obj (.text:watchdog_timer)
                  0000c7a4    00000006     BCM.obj (.text:BCM_UpdateMode)
                  0000c7aa    00000006     main.obj (.text:OnDisableButtons)
                  0000c7b0    00000006     main.obj (.text:OnEnableButtons)
                  0000c7b6    00000006     PlaySong.obj (.text:PlaySong_InitializeApps)
                  0000c7bc    00000006     rts430.lib : isr_trap.obj (.text:__TI_ISR_TRAP)
                  0000c7c2    00000004                : pre_init.obj (.text:_system_pre_init)
                  0000c7c6    00000004                : exit.obj (.text:abort)
                  0000c7ca    00000002     CapTouchLib.obj (.text:CapTouchLib_DefaultEventSink)
                  0000c7cc    00000002     CapTouchLib.obj (.text:CapTouchLib_State_Disabled)
                  0000c7ce    00000002     PlaySong.obj (.text:PlaySong_State_Stopped)
                  0000c7d0    00000002     main.obj (.text:State_Default)
                  0000c7d2    00000002     rts430.lib : _lock.obj (.text:_nop)

.cinit     0    0000c7d4    00000038     
                  0000c7d4    0000001c     PlaySong.obj (.cinit)
                  0000c7f0    0000000b     main.obj (.cinit)
                  0000c7fb    00000001     --HOLE-- [fill = 0]
                  0000c7fc    00000008     rts430.lib : rand.obj (.cinit)
                  0000c804    00000005     BCM.obj (.cinit)
                  0000c809    00000001     --HOLE-- [fill = 0]
                  0000c80a    00000002     (.pad.cinit) [fill = 0]

.const     0    0000c80c    0000001c     
                  0000c80c    00000016     structure.obj (.const)
                  0000c822    00000006     main.obj (.const)

.int00     0    0000ffe0    00000002     
                  0000ffe0    00000002     rts430.lib : int00.obj (.int00)

.int01     0    0000ffe2    00000002     
                  0000ffe2    00000002     rts430.lib : int01.obj (.int01)

.int02     0    0000ffe4    00000002     
                  0000ffe4    00000002     rts430.lib : int02.obj (.int02)

.int03     0    0000ffe6    00000002     
                  0000ffe6    00000002     rts430.lib : int03.obj (.int03)

.int04     0    0000ffe8    00000002     
                  0000ffe8    00000002     rts430.lib : int04.obj (.int04)

.int05     0    0000ffea    00000002     
                  0000ffea    00000002     rts430.lib : int05.obj (.int05)

.int06     0    0000ffec    00000002     
                  0000ffec    00000002     I2CMaster.obj (.int06)

.int07     0    0000ffee    00000002     
                  0000ffee    00000002     I2CMaster.obj (.int07)

.int08     0    0000fff0    00000002     
                  0000fff0    00000002     rts430.lib : int08.obj (.int08)

.int09     0    0000fff2    00000002     
                  0000fff2    00000002     rts430.lib : int09.obj (.int09)

.int10     0    0000fff4    00000002     
                  0000fff4    00000002     main.obj (.int10)

.int11     0    0000fff6    00000002     
                  0000fff6    00000002     rts430.lib : int11.obj (.int11)

.int12     0    0000fff8    00000002     
                  0000fff8    00000002     BCM.obj (.int12)

.int13     0    0000fffa    00000002     
                  0000fffa    00000002     rts430.lib : int13.obj (.int13)

.int14     0    0000fffc    00000002     
                  0000fffc    00000002     rts430.lib : int14.obj (.int14)

.reset     0    0000fffe    00000002     
                  0000fffe    00000002     rts430.lib : boot.obj (.reset)


GLOBAL SYMBOLS: SORTED ALPHABETICALLY BY Name 

address    name
--------   ----
00000200   .bss
0000c000   .text
0000004a   ADC10AE0
000001b0   ADC10CTL0
000001b2   ADC10CTL1
00000048   ADC10DTC0
00000049   ADC10DTC1
000001b4   ADC10MEM
000001bc   ADC10SA
0000c41a   BCM_BytePivot
0000c6dc   BCM_InitializeApp
0000c78c   BCM_InitializeHW
0000c4b2   BCM_Mode_Off
0000c4de   BCM_Mode_On
0000c67e   BCM_Stop
0000c7a4   BCM_UpdateMode
00000057   BCSCTL1
00000058   BCSCTL2
00000053   BCSCTL3
0000c7c6   C$$EXIT
00000059   CACTL1
0000005a   CACTL2
000010fb   CALBC1_12MHZ
000010f9   CALBC1_16MHZ
000010ff   CALBC1_1MHZ
000010fd   CALBC1_8MHZ
000010fa   CALDCO_12MHZ
000010f8   CALDCO_16MHZ
000010fe   CALDCO_1MHZ
000010fc   CALDCO_8MHZ
0000005b   CAPD
0000c7ca   CapTouchLib_DefaultEventSink
0000c6fc   CapTouchLib_Disable
0000c70a   CapTouchLib_Enable
0000c76c   CapTouchLib_EnterInitButton
0000c602   CapTouchLib_EnterWaitForPress
0000c61c   CapTouchLib_EnterWaitForRelease
0000c338   CapTouchLib_InitializeApp
0000c718   CapTouchLib_InitializeHW
0000c562   CapTouchLib_ReadButtonValue
0000c726   CapTouchLib_RegisterLargeButtonPressSink
0000c734   CapTouchLib_RegisterLargeButtonReleaseSink
0000c44e   CapTouchLib_SetButtonForRead
0000c7cc   CapTouchLib_State_Disabled
0000c742   CapTouchLib_State_InitButton
0000c116   CapTouchLib_State_PressDelay
0000c08c   CapTouchLib_State_ReleaseDelay
0000c000   CapTouchLib_State_WaitForPress
0000c198   CapTouchLib_State_WaitForRelease
0000c794   CapTouchLib_Tick
00000056   DCOCTL
00000128   FCTL1
0000012a   FCTL2
0000012c   FCTL3
0000c58c   I2C_Init
00000000   IE1
00000001   IE2
00000002   IFG1
00000003   IFG2
0000c536   I_LSL
0000c55e   I_LSL_1
0000c54c   I_LSL_10
0000c54a   I_LSL_11
0000c548   I_LSL_12
0000c546   I_LSL_13
0000c544   I_LSL_14
0000c542   I_LSL_15
0000c55c   I_LSL_2
0000c55a   I_LSL_3
0000c558   I_LSL_4
0000c556   I_LSL_5
0000c554   I_LSL_6
0000c552   I_LSL_7
0000c550   I_LSL_8
0000c54e   I_LSL_9
0000c778   InitializeApps
0000c750   InitializeHW
0000c692   LargeButtonPressed
0000c6a6   LargeButtonReleased
0000c7aa   OnDisableButtons
0000c7b0   OnEnableButtons
00000022   P1DIR
00000025   P1IE
00000024   P1IES
00000023   P1IFG
00000020   P1IN
00000021   P1OUT
00000027   P1REN
00000026   P1SEL
00000041   P1SEL2
0000002a   P2DIR
0000002d   P2IE
0000002c   P2IES
0000002b   P2IFG
00000028   P2IN
00000029   P2OUT
0000002f   P2REN
0000002e   P2SEL
00000042   P2SEL2
0000001a   P3DIR
00000018   P3IN
00000019   P3OUT
00000010   P3REN
0000001b   P3SEL
00000043   P3SEL2
0000c75e   PlaySong_Entry
0000c7b6   PlaySong_InitializeApps
0000c782   PlaySong_InitializeHW
0000c7ce   PlaySong_State_Stopped
0000c6b8   PlaySong_Stop
0000c7d0   State_Default
0000c2e2   System_InitializeHW
00000172   TA0CCR0
00000174   TA0CCR1
00000176   TA0CCR2
00000162   TA0CCTL0
00000164   TA0CCTL1
00000166   TA0CCTL2
00000160   TA0CTL
0000012e   TA0IV
00000170   TA0R
00000192   TA1CCR0
00000194   TA1CCR1
00000196   TA1CCR2
00000182   TA1CCTL0
00000184   TA1CCTL1
00000186   TA1CCTL2
00000180   TA1CTL
0000011e   TA1IV
00000190   TA1R
000010db   TLV_ADC10_1_LEN
000010da   TLV_ADC10_1_TAG
000010c0   TLV_CHECKSUM
000010f7   TLV_DCO_30_LEN
000010f6   TLV_DCO_30_TAG
0000c284   Timer1_A1
0000005d   UCA0ABCTL
00000062   UCA0BR0
00000063   UCA0BR1
00000060   UCA0CTL0
00000061   UCA0CTL1
0000005f   UCA0IRRCTL
0000005e   UCA0IRTCTL
00000064   UCA0MCTL
00000066   UCA0RXBUF
00000065   UCA0STAT
00000067   UCA0TXBUF
0000006a   UCB0BR0
0000006b   UCB0BR1
00000068   UCB0CTL0
00000069   UCB0CTL1
0000006c   UCB0I2CIE
00000118   UCB0I2COA
0000011a   UCB0I2CSA
0000006e   UCB0RXBUF
0000006d   UCB0STAT
0000006f   UCB0TXBUF
0000c636   USCIAB0RX_ISR
0000c216   USCIAB0TX_ISR
00000120   WDTCTL
00000400   __STACK_END
00000050   __STACK_SIZE
0000c7bc   __TI_ISR_TRAP
00000001   __TI_args_main
00000001   __TI_auto_init
000002c0   __TI_cleanup_ptr
000002c2   __TI_dtors_ptr
00000001   __TI_exit
0000ffe0   __TI_int00
0000ffe2   __TI_int01
0000ffe4   __TI_int02
0000ffe6   __TI_int03
0000ffe8   __TI_int04
0000ffea   __TI_int05
0000ffec   __TI_int06
0000ffee   __TI_int07
0000fff0   __TI_int08
0000fff2   __TI_int09
0000fff4   __TI_int10
0000fff6   __TI_int11
0000fff8   __TI_int12
0000fffa   __TI_int13
0000fffc   __TI_int14
ffffffff   __binit__
00000200   __bss__
ffffffff   __c_args__
0000c7d4   __cinit__
0000c50a   __divi
0000c668   __divu
000002c8   __end__
0000c7d4   __etext__
0000c5dc   __mpyl
ffffffff   __pinit__
0000c50a   __remi
0000c668   __remu
0000c000   __text__
0000c3d2   _auto_init
0000c5b6   _c_int00
0000c5b6   _c_int00_noexit
000002bc   _lock
0000c7d2   _nop
0000fffe   _reset_vector
000003b0   _stack
0000c7c2   _system_pre_init
000002be   _unlock
0000c7c6   abort
0000c480   adcGenRand8
ffffffff   binit
0000c7d4   cinit
000002c8   end
0000c7d4   etext
0000c6f8   func_epilog_1
0000c6f6   func_epilog_2
0000c6f4   func_epilog_3
0000c6f2   func_epilog_4
0000c6f0   func_epilog_5
0000c6ee   func_epilog_6
0000c6ec   func_epilog_7
000002b8   g_pfnCurrentState
000002bb   mPlayMode
000002ba   mSystemOn
0000c388   main
0000c6ca   memcpy
0000c816   middle_button
0000c80c   middle_element
ffffffff   pinit
0000c650   srand
0000c79c   watchdog_timer


GLOBAL SYMBOLS: SORTED BY Symbol Address 

address    name
--------   ----
00000000   IE1
00000001   IE2
00000001   __TI_args_main
00000001   __TI_auto_init
00000001   __TI_exit
00000002   IFG1
00000003   IFG2
00000010   P3REN
00000018   P3IN
00000019   P3OUT
0000001a   P3DIR
0000001b   P3SEL
00000020   P1IN
00000021   P1OUT
00000022   P1DIR
00000023   P1IFG
00000024   P1IES
00000025   P1IE
00000026   P1SEL
00000027   P1REN
00000028   P2IN
00000029   P2OUT
0000002a   P2DIR
0000002b   P2IFG
0000002c   P2IES
0000002d   P2IE
0000002e   P2SEL
0000002f   P2REN
00000041   P1SEL2
00000042   P2SEL2
00000043   P3SEL2
00000048   ADC10DTC0
00000049   ADC10DTC1
0000004a   ADC10AE0
00000050   __STACK_SIZE
00000053   BCSCTL3
00000056   DCOCTL
00000057   BCSCTL1
00000058   BCSCTL2
00000059   CACTL1
0000005a   CACTL2
0000005b   CAPD
0000005d   UCA0ABCTL
0000005e   UCA0IRTCTL
0000005f   UCA0IRRCTL
00000060   UCA0CTL0
00000061   UCA0CTL1
00000062   UCA0BR0
00000063   UCA0BR1
00000064   UCA0MCTL
00000065   UCA0STAT
00000066   UCA0RXBUF
00000067   UCA0TXBUF
00000068   UCB0CTL0
00000069   UCB0CTL1
0000006a   UCB0BR0
0000006b   UCB0BR1
0000006c   UCB0I2CIE
0000006d   UCB0STAT
0000006e   UCB0RXBUF
0000006f   UCB0TXBUF
00000118   UCB0I2COA
0000011a   UCB0I2CSA
0000011e   TA1IV
00000120   WDTCTL
00000128   FCTL1
0000012a   FCTL2
0000012c   FCTL3
0000012e   TA0IV
00000160   TA0CTL
00000162   TA0CCTL0
00000164   TA0CCTL1
00000166   TA0CCTL2
00000170   TA0R
00000172   TA0CCR0
00000174   TA0CCR1
00000176   TA0CCR2
00000180   TA1CTL
00000182   TA1CCTL0
00000184   TA1CCTL1
00000186   TA1CCTL2
00000190   TA1R
00000192   TA1CCR0
00000194   TA1CCR1
00000196   TA1CCR2
000001b0   ADC10CTL0
000001b2   ADC10CTL1
000001b4   ADC10MEM
000001bc   ADC10SA
00000200   .bss
00000200   __bss__
000002b8   g_pfnCurrentState
000002ba   mSystemOn
000002bb   mPlayMode
000002bc   _lock
000002be   _unlock
000002c0   __TI_cleanup_ptr
000002c2   __TI_dtors_ptr
000002c8   __end__
000002c8   end
000003b0   _stack
00000400   __STACK_END
000010c0   TLV_CHECKSUM
000010da   TLV_ADC10_1_TAG
000010db   TLV_ADC10_1_LEN
000010f6   TLV_DCO_30_TAG
000010f7   TLV_DCO_30_LEN
000010f8   CALDCO_16MHZ
000010f9   CALBC1_16MHZ
000010fa   CALDCO_12MHZ
000010fb   CALBC1_12MHZ
000010fc   CALDCO_8MHZ
000010fd   CALBC1_8MHZ
000010fe   CALDCO_1MHZ
000010ff   CALBC1_1MHZ
0000c000   .text
0000c000   CapTouchLib_State_WaitForPress
0000c000   __text__
0000c08c   CapTouchLib_State_ReleaseDelay
0000c116   CapTouchLib_State_PressDelay
0000c198   CapTouchLib_State_WaitForRelease
0000c216   USCIAB0TX_ISR
0000c284   Timer1_A1
0000c2e2   System_InitializeHW
0000c338   CapTouchLib_InitializeApp
0000c388   main
0000c3d2   _auto_init
0000c41a   BCM_BytePivot
0000c44e   CapTouchLib_SetButtonForRead
0000c480   adcGenRand8
0000c4b2   BCM_Mode_Off
0000c4de   BCM_Mode_On
0000c50a   __divi
0000c50a   __remi
0000c536   I_LSL
0000c542   I_LSL_15
0000c544   I_LSL_14
0000c546   I_LSL_13
0000c548   I_LSL_12
0000c54a   I_LSL_11
0000c54c   I_LSL_10
0000c54e   I_LSL_9
0000c550   I_LSL_8
0000c552   I_LSL_7
0000c554   I_LSL_6
0000c556   I_LSL_5
0000c558   I_LSL_4
0000c55a   I_LSL_3
0000c55c   I_LSL_2
0000c55e   I_LSL_1
0000c562   CapTouchLib_ReadButtonValue
0000c58c   I2C_Init
0000c5b6   _c_int00
0000c5b6   _c_int00_noexit
0000c5dc   __mpyl
0000c602   CapTouchLib_EnterWaitForPress
0000c61c   CapTouchLib_EnterWaitForRelease
0000c636   USCIAB0RX_ISR
0000c650   srand
0000c668   __divu
0000c668   __remu
0000c67e   BCM_Stop
0000c692   LargeButtonPressed
0000c6a6   LargeButtonReleased
0000c6b8   PlaySong_Stop
0000c6ca   memcpy
0000c6dc   BCM_InitializeApp
0000c6ec   func_epilog_7
0000c6ee   func_epilog_6
0000c6f0   func_epilog_5
0000c6f2   func_epilog_4
0000c6f4   func_epilog_3
0000c6f6   func_epilog_2
0000c6f8   func_epilog_1
0000c6fc   CapTouchLib_Disable
0000c70a   CapTouchLib_Enable
0000c718   CapTouchLib_InitializeHW
0000c726   CapTouchLib_RegisterLargeButtonPressSink
0000c734   CapTouchLib_RegisterLargeButtonReleaseSink
0000c742   CapTouchLib_State_InitButton
0000c750   InitializeHW
0000c75e   PlaySong_Entry
0000c76c   CapTouchLib_EnterInitButton
0000c778   InitializeApps
0000c782   PlaySong_InitializeHW
0000c78c   BCM_InitializeHW
0000c794   CapTouchLib_Tick
0000c79c   watchdog_timer
0000c7a4   BCM_UpdateMode
0000c7aa   OnDisableButtons
0000c7b0   OnEnableButtons
0000c7b6   PlaySong_InitializeApps
0000c7bc   __TI_ISR_TRAP
0000c7c2   _system_pre_init
0000c7c6   C$$EXIT
0000c7c6   abort
0000c7ca   CapTouchLib_DefaultEventSink
0000c7cc   CapTouchLib_State_Disabled
0000c7ce   PlaySong_State_Stopped
0000c7d0   State_Default
0000c7d2   _nop
0000c7d4   __cinit__
0000c7d4   __etext__
0000c7d4   cinit
0000c7d4   etext
0000c80c   middle_element
0000c816   middle_button
0000ffe0   __TI_int00
0000ffe2   __TI_int01
0000ffe4   __TI_int02
0000ffe6   __TI_int03
0000ffe8   __TI_int04
0000ffea   __TI_int05
0000ffec   __TI_int06
0000ffee   __TI_int07
0000fff0   __TI_int08
0000fff2   __TI_int09
0000fff4   __TI_int10
0000fff6   __TI_int11
0000fff8   __TI_int12
0000fffa   __TI_int13
0000fffc   __TI_int14
0000fffe   _reset_vector
ffffffff   __binit__
ffffffff   __c_args__
ffffffff   __pinit__
ffffffff   binit
ffffffff   pinit

[228 symbols]
